current directory: /home/ijb/code/webdev/ijb_tech_blog/.bundle/ruby/3.4.0/gems/json-2.15.2/ext/json/ext/parser
/usr/bin/ruby extconf.rb
checking for rb_enc_interned_str() in ruby/encoding.h... yes
checking for rb_hash_new_capa() in ruby.h... yes
checking for rb_hash_bulk_insert() in ruby.h... yes
checking for strnlen() in string.h... yes
checking for whether -std=c99 is accepted as CFLAGS... yes
checking for x86intrin.h... yes
checking for cpuid.h... yes
creating Makefile

current directory: /home/ijb/code/webdev/ijb_tech_blog/.bundle/ruby/3.4.0/gems/json-2.15.2/ext/json/ext/parser
make DESTDIR\= sitearchdir\=./.gem.20251119-93297-58me6m sitelibdir\=./.gem.20251119-93297-58me6m clean

current directory: /home/ijb/code/webdev/ijb_tech_blog/.bundle/ruby/3.4.0/gems/json-2.15.2/ext/json/ext/parser
make DESTDIR\= sitearchdir\=./.gem.20251119-93297-58me6m sitelibdir\=./.gem.20251119-93297-58me6m
compiling parser.c
linking shared-object json/ext/parser.so

current directory: /home/ijb/code/webdev/ijb_tech_blog/.bundle/ruby/3.4.0/gems/json-2.15.2/ext/json/ext/parser
make DESTDIR\= sitearchdir\=./.gem.20251119-93297-58me6m sitelibdir\=./.gem.20251119-93297-58me6m install
/usr/bin/install -c -m 0755 parser.so ./.gem.20251119-93297-58me6m/json/ext

current directory: /home/ijb/code/webdev/ijb_tech_blog/.bundle/ruby/3.4.0/gems/json-2.15.2/ext/json/ext/parser
make DESTDIR\= sitearchdir\=./.gem.20251119-93297-58me6m sitelibdir\=./.gem.20251119-93297-58me6m clean
